
AVRASM ver. 2.1.42  P01.asm Mon Aug 26 12:53:25 2019

                 
                 
                 ; P0101.asm
                 ; Created: 27/08/2019 
                 ; Author : kiyari Deciret Aguilera Garcia 
                 ;******************************************************************************
                 ;	Revisar en:
                 ; Tools -> Device Programming -> [Simulador] - [Atmega328P] -> Apply
                 ; - Verificar toda la información que se encuentra ahí [¿Preguntas?]
                 ;------------------------------------------------------------------------------
                 ; Depurar el código, una vez que no contiene errores.
                 ; Debug -> 
                 ; ... Ajustes de ventanas a observar
                 ; ... Revisión de ejecución del código, instrucción por instrucción
                 ; ... Memory - iRAM - "Processor Status" - Memory "data REGISTERS"
                 ;------------------------------------------------------------------------------
                 ; Propuesta del código a ensayar:
                 ;
                 start:
000000 e507      	ldi R16, 0x57		; R16 <- 0x57
000001 9300 0100 	sts 0x100, R16	; [0x100] <- R16, lo que es igual a: [0x100] <- 0x99
000003 e518      	ldi R17, 0x58		; R17 <- 0x58 (se pierde el anterior valor de R16)
000004 9310 0101 	sts 0x101, R17	;	[0x93] <- R16
000006 e529      	ldi R18, 0x59		; R17 <- 0x3F
000007 9320 0102 	sts 0x102, R18	; [0x94] <- R17
000009 e630      	ldi R19, 0x60		;
00000a 9330 0103 	sts 0x103, R19	;
00000c e641      	ldi R20, 0x61		;
00000d 9340 0104 	sts 0x104, R20	;
                 Aqui: 
00000f cfff      	rjmp Aqui


RESOURCE USE INFORMATION
------------------------

Notice:
The register and instruction counts are symbol table hit counts,
and hence implicitly used resources are not counted, eg, the
'lpm' instruction without operands implicitly uses r0 and z,
none of which are counted.

x,y,z are separate entities in the symbol table and are
counted separately from r26..r31 here.

.dseg memory usage only counts static data declared with .byte

Register use summary:
r0 :   0 r1 :   0 r2 :   0 r3 :   0 r4 :   0 r5 :   0 r6 :   0 r7 :   0 
r8 :   0 r9 :   0 r10:   0 r11:   0 r12:   0 r13:   0 r14:   0 r15:   0 
r16:   2 r17:   2 r18:   2 r19:   2 r20:   2 r21:   0 r22:   0 r23:   0 
r24:   0 r25:   0 r26:   0 r27:   0 r28:   0 r29:   0 r30:   0 r31:   0 
x  :   0 y  :   0 z  :   0 
Registers used: 5 out of 35 (14.3%)

Instruction use summary:
.lds  :   0 .lds.l:   0 .sts  :   0 .sts.l:   0 adc   :   0 add   :   0 
adiw  :   0 and   :   0 andi  :   0 asr   :   0 bclr  :   0 bld   :   0 
brbc  :   0 brbs  :   0 brcc  :   0 brcs  :   0 break :   0 breq  :   0 
brge  :   0 brhc  :   0 brhs  :   0 brid  :   0 brie  :   0 brlo  :   0 
brlt  :   0 brmi  :   0 brne  :   0 brpl  :   0 brsh  :   0 brtc  :   0 
brts  :   0 brvc  :   0 brvs  :   0 bset  :   0 bst   :   0 call  :   0 
cbi   :   0 cbr   :   0 clc   :   0 clh   :   0 cli   :   0 cln   :   0 
clr   :   0 cls   :   0 clt   :   0 clv   :   0 clz   :   0 com   :   0 
cp    :   0 cpc   :   0 cpi   :   0 cpse  :   0 dec   :   0 des   :   0 
eicall:   0 eijmp :   0 elpm  :   0 eor   :   0 fmul  :   0 fmuls :   0 
fmulsu:   0 icall :   0 ijmp  :   0 in    :   0 inc   :   0 jmp   :   0 
lac   :   0 las   :   0 lat   :   0 ld    :   0 ldd   :   0 ldi   :   5 
lds   :   0 lpm   :   0 lsl   :   0 lsr   :   0 mov   :   0 movw  :   0 
mul   :   0 muls  :   0 mulsu :   0 neg   :   0 nop   :   0 or    :   0 
ori   :   0 out   :   0 pop   :   0 push  :   0 rcall :   0 ret   :   0 
reti  :   0 rjmp  :   1 rol   :   0 ror   :   0 sbc   :   0 sbci  :   0 
sbi   :   0 sbic  :   0 sbis  :   0 sbiw  :   0 sbr   :   0 sbrc  :   0 
sbrs  :   0 sec   :   0 seh   :   0 sei   :   0 sen   :   0 ser   :   0 
ses   :   0 set   :   0 sev   :   0 sez   :   0 sleep :   0 spm   :   0 
st    :   0 std   :   0 sts   :   5 sub   :   0 subi  :   0 swap  :   0 
tst   :   0 wdr   :   0 xch   :   0 
Instructions used: 3 out of 123 (2.4%)

Memory use summary [bytes]:
Segment   Begin    End      Code   Data   Used    Size   Use%
---------------------------------------------------------------
[.cseg] 0x000000 0x000020     32      0     32 unknown      -
[.dseg] 0x000060 0x000060      0      0      0 unknown      -
[.eseg] 0x000000 0x000000      0      0      0 unknown      -

Assembly complete, 0 errors, 0 warnings
